[    0.000000] Linux version 4.15.0-192-generic (buildd@lcy02-amd64-029) (gcc version 7.5.0 (Ubuntu 7.5.0-3ubuntu1~18.04)) #203-Ubuntu SMP Wed Aug 10 17:40:03 UTC 2022 (Ubuntu 4.15.0-192.203-generic 4.15.18)
[    0.000000] Command line: BOOT_IMAGE=/boot/vmlinuz-4.15.0-192-generic root=LABEL=cloudimg-rootfs ro console=tty1 console=ttyS0
[    0.000000] KERNEL supported cpus:
[    0.000000]   Intel GenuineIntel
[    0.000000]   AMD AuthenticAMD
[    0.000000]   Centaur CentaurHauls
[    0.000000] x86/fpu: x87 FPU will use FXSAVE
[    0.000000] e820: BIOS-provided physical RAM map:
[    0.000000] BIOS-e820: [mem 0x0000000000000000-0x000000000009fbff] usable
[    0.000000] BIOS-e820: [mem 0x000000000009fc00-0x000000000009ffff] reserved
[    0.000000] BIOS-e820: [mem 0x00000000000f0000-0x00000000000fffff] reserved
[    0.000000] BIOS-e820: [mem 0x0000000000100000-0x000000003ffeffff] usable
[    0.000000] BIOS-e820: [mem 0x000000003fff0000-0x000000003fffffff] ACPI data
[    0.000000] BIOS-e820: [mem 0x00000000fec00000-0x00000000fec00fff] reserved
[    0.000000] BIOS-e820: [mem 0x00000000fee00000-0x00000000fee00fff] reserved
[    0.000000] BIOS-e820: [mem 0x00000000fffc0000-0x00000000ffffffff] reserved
[    0.000000] NX (Execute Disable) protection: active
[    0.000000] SMBIOS 2.5 present.
[    0.000000] DMI: innotek GmbH VirtualBox/VirtualBox, BIOS VirtualBox 12/01/2006
[    0.000000] Hypervisor detected: KVM
[    0.000000] e820: last_pfn = 0x3fff0 max_arch_pfn = 0x400000000
[    0.000000] MTRR: Disabled
[    0.000000] x86/PAT: MTRRs disabled, skipping PAT initialization too.
[    0.000000] CPU MTRRs all blank - virtualized system.
[    0.000000] x86/PAT: Configuration [0-7]: WB  WT  UC- UC  WB  WT  UC- UC  
[    0.000000] found SMP MP-table at [mem 0x0009fff0-0x0009ffff]
[    0.000000] Scanning 1 areas for low memory corruption
[    0.000000] RAMDISK: [mem 0x359cb000-0x36cdcfff]
[    0.000000] ACPI: Early table checksum verification disabled
[    0.000000] ACPI: RSDP 0x00000000000E0000 000024 (v02 VBOX  )
[    0.000000] ACPI: XSDT 0x000000003FFF0030 00003C (v01 VBOX   VBOXXSDT 00000001 ASL  00000061)
[    0.000000] ACPI: FACP 0x000000003FFF00F0 0000F4 (v04 VBOX   VBOXFACP 00000001 ASL  00000061)
[    0.000000] ACPI: DSDT 0x000000003FFF0470 002325 (v02 VBOX   VBOXBIOS 00000002 INTL 20100528)
[    0.000000] ACPI: FACS 0x000000003FFF0200 000040
[    0.000000] ACPI: FACS 0x000000003FFF0200 000040
[    0.000000] ACPI: APIC 0x000000003FFF0240 00005C (v02 VBOX   VBOXAPIC 00000001 ASL  00000061)
[    0.000000] ACPI: SSDT 0x000000003FFF02A0 0001CC (v01 VBOX   VBOXCPUT 00000002 INTL 20100528)
[    0.000000] ACPI: Reserving FACP table memory at [mem 0x3fff00f0-0x3fff01e3]
[    0.000000] ACPI: Reserving DSDT table memory at [mem 0x3fff0470-0x3fff2794]
[    0.000000] ACPI: Reserving FACS table memory at [mem 0x3fff0200-0x3fff023f]
[    0.000000] ACPI: Reserving FACS table memory at [mem 0x3fff0200-0x3fff023f]
[    0.000000] ACPI: Reserving APIC table memory at [mem 0x3fff0240-0x3fff029b]
[    0.000000] ACPI: Reserving SSDT table memory at [mem 0x3fff02a0-0x3fff046b]
[    0.000000] No NUMA configuration found
[    0.000000] Faking a node at [mem 0x0000000000000000-0x000000003ffeffff]
[    0.000000] NODE_DATA(0) allocated [mem 0x3ffc5000-0x3ffeffff]
[    0.000000] kvm-clock: cpu 0, msr 0:3ff44001, primary cpu clock
[    0.000000] kvm-clock: Using msrs 4b564d01 and 4b564d00
[    0.000000] kvm-clock: using sched offset of 14020334380 cycles
[    0.000000] clocksource: kvm-clock: mask: 0xffffffffffffffff max_cycles: 0x1cd42e4dffb, max_idle_ns: 881590591483 ns
[    0.000000] Zone ranges:
[    0.000000]   DMA      [mem 0x0000000000001000-0x0000000000ffffff]
[    0.000000]   DMA32    [mem 0x0000000001000000-0x000000003ffeffff]
[    0.000000]   Normal   empty
[    0.000000]   Device   empty
[    0.000000] Movable zone start for each node
[    0.000000] Early memory node ranges
[    0.000000]   node   0: [mem 0x0000000000001000-0x000000000009efff]
[    0.000000]   node   0: [mem 0x0000000000100000-0x000000003ffeffff]
[    0.000000] Reserved but unavailable: 104 pages
[    0.000000] Initmem setup node 0 [mem 0x0000000000001000-0x000000003ffeffff]
[    0.000000] ACPI: PM-Timer IO Port: 0x4008
[    0.000000] IOAPIC[0]: apic_id 2, version 32, address 0xfec00000, GSI 0-23
[    0.000000] ACPI: INT_SRC_OVR (bus 0 bus_irq 0 global_irq 2 dfl dfl)
[    0.000000] ACPI: INT_SRC_OVR (bus 0 bus_irq 9 global_irq 9 low level)
[    0.000000] Using ACPI (MADT) for SMP configuration information
[    0.000000] smpboot: Allowing 2 CPUs, 0 hotplug CPUs
[    0.000000] PM: Registered nosave memory: [mem 0x00000000-0x00000fff]
[    0.000000] PM: Registered nosave memory: [mem 0x0009f000-0x0009ffff]
[    0.000000] PM: Registered nosave memory: [mem 0x000a0000-0x000effff]
[    0.000000] PM: Registered nosave memory: [mem 0x000f0000-0x000fffff]
[    0.000000] e820: [mem 0x40000000-0xfebfffff] available for PCI devices
[    0.000000] Booting paravirtualized kernel on KVM
[    0.000000] clocksource: refined-jiffies: mask: 0xffffffff max_cycles: 0xffffffff, max_idle_ns: 7645519600211568 ns
[    0.000000] random: get_random_bytes called from start_kernel+0x99/0x500 with crng_init=0
[    0.000000] setup_percpu: NR_CPUS:8192 nr_cpumask_bits:2 nr_cpu_ids:2 nr_node_ids:1
[    0.000000] percpu: Embedded 50 pages/cpu s167936 r8192 d28672 u1048576
[    0.000000] PV qspinlock hash table entries: 256 (order: 0, 4096 bytes)
[    0.000000] Built 1 zonelists, mobility grouping on.  Total pages: 257913
[    0.000000] Policy zone: DMA32
[    0.000000] Kernel command line: BOOT_IMAGE=/boot/vmlinuz-4.15.0-192-generic root=LABEL=cloudimg-rootfs ro console=tty1 console=ttyS0
[    0.000000] Memory: 982648K/1048120K available (12300K kernel code, 2484K rwdata, 4324K rodata, 2468K init, 2724K bss, 65472K reserved, 0K cma-reserved)
[    0.000000] SLUB: HWalign=64, Order=0-3, MinObjects=0, CPUs=2, Nodes=1
[    0.000000] ftrace: allocating 39482 entries in 155 pages
[    0.004000] Hierarchical RCU implementation.
[    0.004000] 	RCU restricting CPUs from NR_CPUS=8192 to nr_cpu_ids=2.
[    0.004000] 	Tasks RCU enabled.
[    0.004000] RCU: Adjusting geometry for rcu_fanout_leaf=16, nr_cpu_ids=2
[    0.004000] NR_IRQS: 524544, nr_irqs: 440, preallocated irqs: 16
[    0.004000] Console: colour VGA+ 80x25
[    0.004000] console [tty1] enabled
[    0.004000] console [ttyS0] enabled
[    0.004000] ACPI: Core revision 20170831
[    0.004000] ACPI: 2 ACPI AML tables successfully acquired and loaded
[    0.004000] APIC: Switch to symmetric I/O mode setup
[    0.004000] ..TIMER: vector=0x30 apic1=0 pin1=2 apic2=-1 pin2=-1
[    0.004000] tsc: Detected 2995.198 MHz processor
[    0.004000] Calibrating delay loop (skipped) preset value.. 5990.39 BogoMIPS (lpj=11980792)
[    0.004000] pid_max: default: 32768 minimum: 301
[    0.004000] Security Framework initialized
[    0.004000] Yama: becoming mindful.
[    0.004000] AppArmor: AppArmor initialized
[    0.004000] Dentry cache hash table entries: 131072 (order: 8, 1048576 bytes)
[    0.004000] Inode-cache hash table entries: 65536 (order: 7, 524288 bytes)
[    0.004000] Mount-cache hash table entries: 2048 (order: 2, 16384 bytes)
[    0.004000] Mountpoint-cache hash table entries: 2048 (order: 2, 16384 bytes)
[    0.004953] Last level iTLB entries: 4KB 0, 2MB 0, 4MB 0
[    0.008000] Last level dTLB entries: 4KB 0, 2MB 0, 4MB 0, 1GB 0
[    0.008000] Spectre V1 : Mitigation: usercopy/swapgs barriers and __user pointer sanitization
[    0.008000] Spectre V2 : Mitigation: Enhanced IBRS
[    0.008000] Spectre V2 : Spectre v2 / SpectreRSB mitigation: Filling RSB on context switch
[    0.008000] Speculative Store Bypass: Vulnerable
[    0.008000] Freeing SMP alternatives memory: 36K
[    0.024000] smpboot: CPU0: 11th Gen Intel(R) Core(TM) i7-1185G7 @ 3.00GHz (family: 0x6, model: 0x8c, stepping: 0x1)
[    0.024000] Performance Events: unsupported p6 CPU model 140 no PMU driver, software events only.
[    0.024000] Hierarchical SRCU implementation.
[    0.024000] NMI watchdog: Perf event create on CPU 0 failed with -2
[    0.024000] NMI watchdog: Perf NMI watchdog permanently disabled
[    0.024000] smp: Bringing up secondary CPUs ...
[    0.024000] x86: Booting SMP configuration:
[    0.024000] .... node  #0, CPUs:      #1
[    0.004000] kvm-clock: cpu 1, msr 0:3ff44041, secondary cpu clock
[    0.032085] smp: Brought up 1 node, 2 CPUs
[    0.035755] smpboot: Max logical packages: 1
[    0.036000] smpboot: Total of 2 processors activated (11980.79 BogoMIPS)
[    0.036363] devtmpfs: initialized
[    0.038559] x86/mm: Memory block size: 128MB
[    0.040000] evm: security.selinux
[    0.040000] evm: security.SMACK64
[    0.040000] evm: security.SMACK64EXEC
[    0.040000] evm: security.SMACK64TRANSMUTE
[    0.040000] evm: security.SMACK64MMAP
[    0.040000] evm: security.apparmor
[    0.040000] evm: security.ima
[    0.040000] evm: security.capability
[    0.040436] clocksource: jiffies: mask: 0xffffffff max_cycles: 0xffffffff, max_idle_ns: 7645041785100000 ns
[    0.044000] futex hash table entries: 512 (order: 3, 32768 bytes)
[    0.044000] pinctrl core: initialized pinctrl subsystem
[    0.044000] RTC time:  4:17:47, date: 11/02/22
[    0.044000] NET: Registered protocol family 16
[    0.044000] audit: initializing netlink subsys (disabled)
[    0.044212] audit: type=2000 audit(1667362682.779:1): state=initialized audit_enabled=0 res=1
[    0.056014] cpuidle: using governor ladder
[    0.058774] cpuidle: using governor menu
[    0.060000] ACPI: bus type PCI registered
[    0.060000] acpiphp: ACPI Hot Plug PCI Controller Driver version: 0.5
[    0.060000] PCI: Using configuration type 1 for base access
[    0.064113] HugeTLB registered 2.00 MiB page size, pre-allocated 0 pages
[    0.072258] ACPI: Added _OSI(Module Device)
[    0.074912] ACPI: Added _OSI(Processor Device)
[    0.076000] ACPI: Added _OSI(3.0 _SCP Extensions)
[    0.076000] ACPI: Added _OSI(Processor Aggregator Device)
[    0.076000] ACPI: Added _OSI(Linux-Dell-Video)
[    0.076000] ACPI: Added _OSI(Linux-Lenovo-NV-HDMI-Audio)
[    0.076000] ACPI: Added _OSI(Linux-HPI-Hybrid-Graphics)
[    0.076524] ACPI: Executed 1 blocks of module-level executable AML code
[    0.081426] ACPI: Interpreter enabled
[    0.083803] ACPI: (supports S0 S5)
[    0.084000] ACPI: Using IOAPIC for interrupt routing
[    0.084238] PCI: Using host bridge windows from ACPI; if necessary, use "pci=nocrs" and report a bug
[    0.088000] ACPI: Enabled 2 GPEs in block 00 to 07
[    0.096075] ACPI: PCI Root Bridge [PCI0] (domain 0000 [bus 00-ff])
[    0.099992] acpi PNP0A03:00: _OSC: OS supports [ASPM ClockPM Segments MSI]
[    0.100509] acpi PNP0A03:00: _OSC: not requesting OS control; OS requires [ExtendedConfig ASPM ClockPM MSI]
[    0.104000] acpi PNP0A03:00: fail to add MMCONFIG information, can't access extended PCI configuration space under this bridge.
[    0.104593] PCI host bridge to bus 0000:00
[    0.107176] pci_bus 0000:00: root bus resource [io  0x0000-0x0cf7 window]
[    0.108000] pci_bus 0000:00: root bus resource [io  0x0d00-0xffff window]
[    0.108000] pci_bus 0000:00: root bus resource [mem 0x000a0000-0x000bffff window]
[    0.108000] pci_bus 0000:00: root bus resource [mem 0x40000000-0xfdffffff window]
[    0.108000] pci_bus 0000:00: root bus resource [bus 00-ff]
[    0.113867] pci 0000:00:01.1: legacy IDE quirk: reg 0x10: [io  0x01f0-0x01f7]
[    0.116000] pci 0000:00:01.1: legacy IDE quirk: reg 0x14: [io  0x03f6]
[    0.116000] pci 0000:00:01.1: legacy IDE quirk: reg 0x18: [io  0x0170-0x0177]
[    0.116000] pci 0000:00:01.1: legacy IDE quirk: reg 0x1c: [io  0x0376]
[    0.131254] pci 0000:00:07.0: quirk: [io  0x4000-0x403f] claimed by PIIX4 ACPI
[    0.132000] pci 0000:00:07.0: quirk: [io  0x4100-0x410f] claimed by PIIX4 SMB
[    0.137795] ACPI: PCI Interrupt Link [LNKA] (IRQs 5 9 10 *11)
[    0.140333] ACPI: PCI Interrupt Link [LNKB] (IRQs 5 9 *10 11)
[    0.143931] ACPI: PCI Interrupt Link [LNKC] (IRQs 5 *9 10 11)
[    0.144000] ACPI: PCI Interrupt Link [LNKD] (IRQs 5 9 10 *11)
[    0.144000] SCSI subsystem initialized
[    0.144411] pci 0000:00:02.0: vgaarb: setting as boot VGA device
[    0.148000] pci 0000:00:02.0: vgaarb: VGA device added: decodes=io+mem,owns=io+mem,locks=none
[    0.148000] pci 0000:00:02.0: vgaarb: bridge control possible
[    0.148000] vgaarb: loaded
[    0.148000] ACPI: bus type USB registered
[    0.148000] usbcore: registered new interface driver usbfs
[    0.148000] usbcore: registered new interface driver hub
[    0.148000] usbcore: registered new device driver usb
[    0.148180] EDAC MC: Ver: 3.0.0
[    0.152494] PCI: Using ACPI for IRQ routing
[    0.156000] NetLabel: Initializing
[    0.156000] NetLabel:  domain hash size = 128
[    0.156000] NetLabel:  protocols = UNLABELED CIPSOv4 CALIPSO
[    0.156000] NetLabel:  unlabeled traffic allowed by default
[    0.156333] clocksource: Switched to clocksource kvm-clock
[    0.160000] VFS: Disk quotas dquot_6.6.0
[    0.160000] VFS: Dquot-cache hash table entries: 512 (order 0, 4096 bytes)
[    0.160000] AppArmor: AppArmor Filesystem Enabled
[    0.160000] pnp: PnP ACPI init
[    0.206219] pnp: PnP ACPI: found 3 devices
[    0.240904] clocksource: acpi_pm: mask: 0xffffff max_cycles: 0xffffff, max_idle_ns: 2085701024 ns
[    0.244861] NET: Registered protocol family 2
[    0.244861] IP idents hash table entries: 16384 (order: 5, 131072 bytes)
[    0.257853] TCP established hash table entries: 8192 (order: 4, 65536 bytes)
[    0.261753] TCP bind hash table entries: 8192 (order: 5, 131072 bytes)
[    0.261753] TCP: Hash tables configured (established 8192 bind 8192)
[    0.261753] UDP hash table entries: 512 (order: 2, 16384 bytes)
[    0.261753] UDP-Lite hash table entries: 512 (order: 2, 16384 bytes)
[    0.261753] NET: Registered protocol family 1
[    0.261753] pci 0000:00:00.0: Limiting direct PCI/PCI transfers
[    0.261753] pci 0000:00:01.0: Activating ISA DMA hang workarounds
[    0.261753] pci 0000:00:02.0: Video device with shadowed ROM at [mem 0x000c0000-0x000dffff]
[    0.261753] Unpacking initramfs...
[    0.261753] Freeing initrd memory: 19528K
[    0.261753] clocksource: tsc: mask: 0xffffffffffffffff max_cycles: 0x2b2c8d6afc8, max_idle_ns: 440795331172 ns
[    0.261753] platform rtc_cmos: registered platform RTC device (no PNP device found)
[    0.261753] Scanning for low memory corruption every 60 seconds
[    0.724205] Initialise system trusted keyrings
[    0.727287] Key type blacklist registered
[    0.730270] workingset: timestamp_bits=36 max_order=18 bucket_order=0
[    0.734055] zbud: loaded
[    0.734055] squashfs: version 4.0 (2009/01/31) Phillip Lougher
[    0.743398] fuse init (API version 7.26)
[    0.756380] Key type asymmetric registered
[    0.759220] Asymmetric key parser 'x509' registered
[    0.760141] Block layer SCSI generic (bsg) driver version 0.4 loaded (major 246)
[    0.769157] io scheduler noop registered
[    0.772444] io scheduler deadline registered
[    0.773011] io scheduler cfq registered (default)
[    0.778845] ACPI: AC Adapter [AC] (on-line)
[    0.781519] input: Power Button as /devices/LNXSYSTM:00/LNXPWRBN:00/input/input0
[    0.786638] ACPI: Power Button [PWRF]
[    0.789076] input: Sleep Button as /devices/LNXSYSTM:00/LNXSLPBN:00/input/input1
[    0.790579] ACPI: Sleep Button [SLPF]
[    0.798199] ACPI: Battery Slot [BAT0] (battery present)
[    0.800240] Serial: 8250/16550 driver, 32 ports, IRQ sharing enabled
[    0.834297] 00:02: ttyS0 at I/O 0x3f8 (irq = 4, base_baud = 115200) is a 16550A
[    0.837244] Linux agpgart interface v0.103
[    0.847832] loop: module loaded
[    0.852987] scsi host0: ata_piix
[    0.856525] scsi host1: ata_piix
[    0.859452] ata1: PATA max UDMA/33 cmd 0x1f0 ctl 0x3f6 bmdma 0xd000 irq 14
[    0.864133] ata2: PATA max UDMA/33 cmd 0x170 ctl 0x376 bmdma 0xd008 irq 15
[    0.864161] tun: Universal TUN/TAP device driver, 1.6
[    0.870002] PPP generic driver version 2.4.2
[    0.870002] ehci_hcd: USB 2.0 'Enhanced' Host Controller (EHCI) Driver
[    0.870002] ehci-pci: EHCI PCI platform driver
[    0.870002] ehci-platform: EHCI generic platform driver
[    0.870002] ohci_hcd: USB 1.1 'Open' Host Controller (OHCI) Driver
[    0.870002] ohci-pci: OHCI PCI platform driver
[    0.870002] ohci-platform: OHCI generic platform driver
[    0.870002] uhci_hcd: USB Universal Host Controller Interface driver
[    0.870002] i8042: PNP: PS/2 Controller [PNP0303:PS2K,PNP0f03:PS2M] at 0x60,0x64 irq 1,12
[    0.913741] serio: i8042 KBD port at 0x60,0x64 irq 1
[    0.916290] serio: i8042 AUX port at 0x60,0x64 irq 12
[    0.916290] mousedev: PS/2 mouse device common for all mice
[    0.928148] rtc_cmos rtc_cmos: rtc core: registered rtc_cmos as rtc0
[    0.930535] rtc_cmos rtc_cmos: alarms up to one day, 114 bytes nvram
[    0.930535] i2c /dev entries driver
[    0.930535] device-mapper: uevent: version 1.0.3
[    0.930535] device-mapper: ioctl: 4.37.0-ioctl (2017-09-20) initialised: dm-devel@redhat.com
[    0.950550] ledtrig-cpu: registered to indicate activity on CPUs
[    0.957007] NET: Registered protocol family 10
[    0.961838] input: AT Translated Set 2 keyboard as /devices/platform/i8042/serio0/input/input2
[    0.974565] Segment Routing with IPv6
[    0.978543] NET: Registered protocol family 17
[    0.983964] Key type dns_resolver registered
[    0.988489] mce: Using 0 MCE banks
[    0.991982] RAS: Correctable Errors collector initialized.
[    0.992393] sched_clock: Marking stable (988393018, 0)->(1989395589, -1001002571)
[    1.005276] registered taskstats version 1
[    1.008374] Loading compiled-in X.509 certificates
[    1.015978] Loaded X.509 cert 'Build time autogenerated kernel key: af04d57e94487e4500da7630f19b69a59e91d95a'
[    1.024209] Loaded X.509 cert 'Canonical Ltd. Live Patch Signing: 14df34d1a87cf37625abec039ef2bf521249b969'
[    1.034213] Loaded X.509 cert 'Canonical Ltd. Kernel Module Signing: 88f752e560a1e0737e31163a466ad7b70a850c19'
[    1.045549] blacklist: Loading compiled-in revocation X.509 certificates
[    1.052886] Loaded X.509 cert 'Canonical Ltd. Secure Boot Signing: 61482aa2830d0ab2ad5af10b7250da9033ddcef0'
[    1.059978] zswap: loaded using pool lzo/zbud
[    1.072131] Key type big_key registered
[    1.076666] Key type trusted registered
[    1.084895] Key type encrypted registered
[    1.087845] AppArmor: AppArmor sha1 policy hashing enabled
[    1.091882] ima: No TPM chip found, activating TPM-bypass! (rc=-19)
[    1.096705] ima: Allocated hash algorithm: sha1
[    1.100795] evm: HMAC attrs: 0x1
[    1.104230]   Magic number: 14:321:261
[    1.108164] rtc_cmos rtc_cmos: setting system clock to 2022-11-02 04:17:49 UTC (1667362669)
[    1.114598] BIOS EDD facility v0.16 2004-Jun-25, 0 devices found
[    1.119456] EDD information not available.
[    1.128120] Freeing unused kernel image memory: 2468K
[    1.152581] Write protecting the kernel read-only data: 20480k
[    1.157938] Freeing unused kernel image memory: 2008K
[    1.162633] Freeing unused kernel image memory: 1820K
[    1.173746] x86/mm: Checked W+X mappings: passed, no W+X pages found.
Loading, please wait...
starting version 237
[    1.309728] Fusion MPT base driver 3.04.20
[    1.313411] Copyright (c) 1999-2008 LSI Corporation
[    2.005302] e1000: Intel(R) PRO/1000 Network Driver - version 7.3.21-k8-NAPI
[    2.010629] e1000: Copyright (c) 1999-2006 Intel Corporation.
[    2.037054] Fusion MPT SPI Host driver 3.04.20
[    2.268175] input: ImExPS/2 Generic Explorer Mouse as /devices/platform/i8042/serio1/input/input4
[    2.675125] e1000 0000:00:03.0 eth0: (PCI:33MHz:32-bit) 02:a0:66:c7:c8:08
[    2.681503] e1000 0000:00:03.0 eth0: Intel(R) PRO/1000 Network Connection
[    2.689436] mptbase: ioc0: Initiating bringup
[    2.694206] e1000 0000:00:03.0 enp0s3: renamed from eth0
[    2.981483] ioc0: LSI53C1030 A0: Capabilities={Initiator}
[    3.992079] scsi host2: ioc0: LSI53C1030 A0, FwRev=00000000h, Ports=1, MaxQ=256, IRQ=20
[    4.229678] scsi 2:0:0:0: Direct-Access     VBOX     HARDDISK         1.0  PQ: 0 ANSI: 5
[    4.296526] scsi target2:0:0: Beginning Domain Validation
[    4.312894] scsi target2:0:0: Domain Validation skipping write tests
[    4.320188] scsi target2:0:0: Ending Domain Validation
[    4.326341] scsi target2:0:0: asynchronous
[    4.331757] scsi 2:0:1:0: Direct-Access     VBOX     HARDDISK         1.0  PQ: 0 ANSI: 5
[    5.366604] scsi target2:0:1: Beginning Domain Validation
[    5.379742] scsi target2:0:1: Domain Validation skipping write tests
[    5.385355] scsi target2:0:1: Ending Domain Validation
[    5.390455] scsi target2:0:1: asynchronous
[    5.400148] random: fast init done
[    5.405085] random: systemd-udevd: uninitialized urandom read (16 bytes read)
[    5.405290] sd 2:0:0:0: Attached scsi generic sg0 type 0
[    5.412017] random: systemd-udevd: uninitialized urandom read (16 bytes read)
[    5.416680] sd 2:0:1:0: Attached scsi generic sg1 type 0
[    5.422426] random: systemd-udevd: uninitialized urandom read (16 bytes read)
[    5.428043] sd 2:0:1:0: [sdb] 20480 512-byte logical blocks: (10.5 MB/10.0 MiB)
[    5.433549] sd 2:0:0:0: [sda] 83886080 512-byte logical blocks: (42.9 GB/40.0 GiB)
[    5.439873] sd 2:0:1:0: [sdb] Write Protect is off
[    5.452027] sd 2:0:1:0: [sdb] Incomplete mode parameter data
[    5.452085] sd 2:0:0:0: [sda] Write Protect is off
[    5.456225] sd 2:0:1:0: [sdb] Assuming drive cache: write through
[    5.465560] sd 2:0:0:0: [sda] Incomplete mode parameter data
[    5.471490] sd 2:0:0:0: [sda] Assuming drive cache: write through
[    5.471781] sd 2:0:1:0: [sdb] Attached SCSI disk
[    5.484266]  sda: sda1
[    5.490203] sd 2:0:0:0: [sda] Attached SCSI disk
Begin: Loading essential drivers ... [    7.996540] raid6: sse2x1   gen() 11985 MB/s
[    9.992840] raid6: sse2x1   xor() 177927 MB/s
[   11.994715] raid6: sse2x2   gen() 343774 MB/s
[   13.040428] raid6: sse2x2   xor()  6397 MB/s
[   13.102657] raid6: sse2x4   gen() 18815 MB/s
[   13.168113] raid6: sse2x4   xor() 12841 MB/s
[   13.173634] raid6: using algorithm sse2x2 gen() 343774 MB/s
[   13.180957] raid6: .... xor() 6397 MB/s, rmw enabled
[   13.186102] raid6: using ssse3x2 recovery algorithm
[   13.195177] xor: measuring software checksum speed
[   14.044329]    prefetch64-sse: 27395.000 MB/sec
[   14.084325]    generic_sse: 19290.000 MB/sec
[   14.087512] xor: using function: prefetch64-sse (27395.000 MB/sec)
[   14.094104] async_tx: api initialized (async)
done.
Begin: Running /scripts/init-premount ... done.
Begin: Mounting root file system ... Begin: Running /scripts/local-top ... done.
Begin: Running /scripts/local-premount ... [   14.176695] Btrfs loaded, crc32c=crc32c-intel
Scanning for Btrfs filesystems
done.
Warning: fsck not present, so skipping root file system
[   14.215407] EXT4-fs (sda1): mounted filesystem with ordered data mode. Opts: (null)
done.
Begin: Running /scripts/local-bottom ... done.
Begin: Running /scripts/init-bottom ... done.
[   14.438686] ip_tables: (C) 2000-2006 Netfilter Core Team
[   14.460743] systemd[1]: systemd 237 running in system mode. (+PAM +AUDIT +SELINUX +IMA +APPARMOR +SMACK +SYSVINIT +UTMP +LIBCRYPTSETUP +GCRYPT +GNUTLS +ACL +XZ +LZ4 +SECCOMP +BLKID +ELFUTILS +KMOD -IDN2 +IDN -PCRE2 default-hierarchy=hybrid)
[   14.475952] systemd[1]: Detected virtualization oracle.
[   14.479434] systemd[1]: Detected architecture x86-64.

Welcome to [1mUbuntu 18.04.6 LTS[0m!

[   14.513245] systemd[1]: Set hostname to <ubuntu>.
[   14.524310] systemd[1]: Initializing machine ID from random generator.
[   14.528809] systemd[1]: Installed transient /etc/machine-id file.
[   14.846633] systemd[1]: Set up automount Arbitrary Executable File Formats File System Automount Point.
[[0;32m  OK  [0m] Set up automount Arbitrary Executabâ€¦rmats File System Automount Point.
[   14.868490] systemd[1]: Created slice User and Session Slice.
[[0;32m  OK  [0m] Created slice User and Session Slice.
[   14.889916] systemd[1]: Reached target User and Group Name Lookups.
[[0;32m  OK  [0m] Reached target User and Group Name Lookups.
[   14.897285] systemd[1]: Reached target System Time Synchronized.
[[0;32m  OK  [0m] Reached target System Time Synchronized.
[[0;32m  OK  [0m] Reached target Swap.
[[0;32m  OK  [0m] Created slice System Slice.
[[0;32m  OK  [0m] Listening on udev Kernel Socket.
[[0;32m  OK  [0m] Listening on Network Service Netlink Socket.
[[0;32m  OK  [0m] Listening on LVM2 metadata daemon socket.
[[0;32m  OK  [0m] Listening on LVM2 poll daemon socket.
[[0;32m  OK  [0m] Created slice system-serial\x2dgetty.slice.
[[0;32m  OK  [0m] Listening on Journal Socket.
         Starting Uncomplicated firewall...
         Mounting POSIX Message Queue File System...
         Mounting Huge Pages File System...
[[0;32m  OK  [0m] Listening on Journal Audit Socket.
         Starting Load Kernel Modules...
         Starting Set the console keyboard layout...
[[0;32m  OK  [0m] Listening on Journal Socket (/dev/log).
[[0;32m  OK  [0m] Listening on Syslog Socket.
         Starting Journal Service...
[[0;32m  OK  [0m] Listening on fsck to fsckd communication Socket.
         Starting File System Check on Root Device...
[[0;32m  OK  [0m] Listening on Device-mapper event daemon FIFOs.
         Starting Monitoring of LVM2 mirrorsâ€¦ng dmeventd or progress polling...
         Starting Create list of required stâ€¦ce nodes for the current kernel...
[[0;32m  OK  [0m] Listening on /dev/initctl Compatibility Named Pipe.
         Mounting Kernel Debug File System...
[[0;32m  OK  [0m] Listening on udev Control Socket.
         Starting udev Coldplug all Devices...
[[0;32m  OK  [0m] Started Forward Password Requests to Wall Directory Watch.
[[0;32m  OK  [0m] Reached target Slices.
[[0;32m  OK  [0m] Started Uncomplicated firewall.
[[0;32m  OK  [0m] Mounted POSIX Message Queue File System.
[   15.030543] Loading iSCSI transport class v2.0-870.
[[0;32m  OK  [0m] Mounted Huge Pages File System.
[[0;32m  OK  [0m] Mounted Kernel Debug File System.
[[0;32m  OK  [0m] Started File System Check Daemon to report status.
[[0;32m  OK  [0m] Started Create list of required staâ€¦vice nodes for the current kernel.
         Starting Create Static Device Nodes in /dev...
[[0;32m  OK  [0m] Started udev Coldplug all Devices.
[[0;32m  OK  [0m] Started LVM2 metadata daemon.
[   15.133045] iscsi: registered transport (tcp)
[   15.158617] iscsi: registered transport (iser)
[[0;32m  OK  [0m] Started Load Kernel Modules.
         Mounting FUSE Control File System...
         Mounting Kernel Configuration File System...
         Starting Apply Kernel Variables...
[[0;32m  OK  [0m] Mounted FUSE Control File System.
[[0;32m  OK  [0m] Mounted Kernel Configuration File System.
[[0;32m  OK  [0m] Started Create Static Device Nodes in /dev.
[[0;32m  OK  [0m] Started Journal Service.
[[0;32m  OK  [0m] Started File System Check on Root Device.
         Starting Remount Root and Kernel File Systems...
[[0;32m  OK  [0m] Started Apply Kernel Variables.
[[0;32m  OK  [0m] Started Remount Root and Kernel File Systems.
         Starting Load/Save Random Seed...
         Starting Flush Journal to Persistent Storage...
         Starting udev Kernel Device Manager...
[[0;32m  OK  [0m] Started Load/Save Random Seed.
[[0;32m  OK  [0m] Started Monitoring of LVM2 mirrors,â€¦sing dmeventd or progress polling.
[[0;32m  OK  [0m] Started udev Kernel Device Manager.
[[0;32m  OK  [0m] Started Flush Journal to Persistent Storage.
[[0;32m  OK  [0m] Found device /dev/ttyS0.
[[0;32m  OK  [0m] Listening on Load/Save RF Kill Switch Status /dev/rfkill Watch.
[[0;32m  OK  [0m] Started Set the console keyboard layout.
[[0;32m  OK  [0m] Reached target Local File Systems (Pre).
[[0;32m  OK  [0m] Reached target Local File Systems.
         Starting Create Volatile Files and Directories...
         Starting Tell Plymouth To Write Out Runtime Data...
         Starting AppArmor initialization...
         Starting Set console font and keymap...
         Starting Commit a transient machine-id on disk...
         Starting ebtables ruleset management...
[[0;32m  OK  [0m] Started Dispatch Password Requests to Console Directory Watch.
[[0;32m  OK  [0m] Reached target Local Encrypted Volumes.
[[0;32m  OK  [0m] Started Create Volatile Files and Directories.
         Starting Update UTMP about System Boot/Shutdown...
[[0;32m  OK  [0m] Started Tell Plymouth To Write Out Runtime Data.
[[0;32m  OK  [0m] Started Update UTMP about System Boot/Shutdown.
[[0;32m  OK  [0m] Started Commit a transient machine-id on disk.
[[0;32m  OK  [0m] Started ebtables ruleset management.
[[0;32m  OK  [0m] Started AppArmor initialization.
         Starting Load AppArmor profiles managed internally by snapd...
         Starting Initial cloud-init job (pre-networking)...
[[0;32m  OK  [0m] Started Load AppArmor profiles managed internally by snapd.
[[0;32m  OK  [0m] Started Set console font and keymap.
[   21.195538] cloud-init[746]: Cloud-init v. 22.2-0ubuntu1~18.04.3 running 'init-local' at Wed, 02 Nov 2022 04:18:09 +0000. Up 20.76 seconds.
[[0;32m  OK  [0m] Started Initial cloud-init job (pre-networking).
[[0;32m  OK  [0m] Reached target Network (Pre).
         Starting Network Service...
[[0;32m  OK  [0m] Started Network Service.
         Starting Network Name Resolution...
         Starting Wait for Network to be Configured...
[[0;32m  OK  [0m] Started Network Name Resolution.
[[0;32m  OK  [0m] Reached target Network.
[[0;32m  OK  [0m] Reached target Host and Network Name Lookups.
[[0;32m  OK  [0m] Started Wait for Network to be Configured.
         Starting Initial cloud-init job (metadata service crawler)...
[   23.335707] cloud-init[891]: Cloud-init v. 22.2-0ubuntu1~18.04.3 running 'init' at Wed, 02 Nov 2022 04:18:11 +0000. Up 23.19 seconds.
[   23.343713] cloud-init[891]: ci-info: ++++++++++++++++++++++++++++++++++++++Net device info++++++++++++++++++++++++++++++++++++++
[   23.348366] cloud-init[891]: ci-info: +--------+------+----------------------------+---------------+--------+-------------------+
[   23.353115] cloud-init[891]: ci-info: | Device |  Up  |          Address           |      Mask     | Scope  |     Hw-Address    |
[   23.358647] cloud-init[891]: ci-info: +--------+------+----------------------------+---------------+--------+-------------------+
[   23.365365] cloud-init[891]: ci-info: | enp0s3 | True |         10.0.2.15          | 255.255.255.0 | global | 02:a0:66:c7:c8:08 |
[   23.371712] cloud-init[891]: ci-info: | enp0s3 | True | fe80::a0:66ff:fec7:c808/64 |       .       |  link  | 02:a0:66:c7:c8:08 |
[   23.376200] cloud-init[891]: ci-info: |   lo   | True |         127.0.0.1          |   255.0.0.0   |  host  |         .         |
[   23.382200] cloud-init[891]: ci-info: |   lo   | True |          ::1/128           |       .       |  host  |         .         |
[   23.388265] cloud-init[891]: ci-info: +--------+------+----------------------------+---------------+--------+-------------------+
[   23.394962] cloud-init[891]: ci-info: ++++++++++++++++++++++++++++Route IPv4 info+++++++++++++++++++++++++++++
[   23.399148] cloud-init[891]: ci-info: +-------+-------------+----------+-----------------+-----------+-------+
[   23.403544] cloud-init[891]: ci-info: | Route | Destination | Gateway  |     Genmask     | Interface | Flags |
[   23.406922] cloud-init[891]: ci-info: +-------+-------------+----------+-----------------+-----------+-------+
[   23.412789] cloud-init[891]: ci-info: |   0   |   0.0.0.0   | 10.0.2.2 |     0.0.0.0     |   enp0s3  |   UG  |
[   23.421670] cloud-init[891]: ci-info: |   1   |   10.0.2.0  | 0.0.0.0  |  255.255.255.0  |   enp0s3  |   U   |
[   23.424172] cloud-init[891]: ci-info: |   2   |   10.0.2.2  | 0.0.0.0  | 255.255.255.255 |   enp0s3  |   UH  |
[   23.429327] cloud-init[891]: ci-info: +-------+-------------+----------+-----------------+-----------+-------+
[   23.432845] cloud-init[891]: ci-info: +++++++++++++++++++Route IPv6 info+++++++++++++++++++
[   23.436203] cloud-init[891]: ci-info: +-------+-------------+---------+-----------+-------+
[   23.439256] cloud-init[891]: ci-info: | Route | Destination | Gateway | Interface | Flags |
[   23.442456] cloud-init[891]: ci-info: +-------+-------------+---------+-----------+-------+
[   23.445283] cloud-init[891]: ci-info: |   1   |  fe80::/64  |    ::   |   enp0s3  |   U   |
[   23.456713] cloud-init[891]: ci-info: |   3   |    local    |    ::   |   enp0s3  |   U   |
[   23.459181] cloud-init[891]: ci-info: |   4   |   ff00::/8  |    ::   |   enp0s3  |   U   |
[   23.461744] cloud-init[891]: ci-info: +-------+-------------+---------+-----------+-------+
[   24.137217] cloud-init[891]: Generating public/private rsa key pair.
[[0;32m  OK  [0m] Started Initial cloud-init job (metadata service crawler).
[   24.190057] cloud-init[891]: Your identification has been saved in /etc/ssh/ssh_host_rsa_key.
[   24.192188] [cloud-init[0;32m  OK  [0m[891]: ] Your public key has been saved in /etc/ssh/ssh_host_rsa_key.pub.Reached target Network is Online.

[   24.192250] cloud-init[891]: The key fingerprint is:
[   24.197760] cloud-init[891]: SHA256:xG+a5FGvCoVhXeDrND2jBNSZsodn1Bb4XZ5iyYwfID0 root@ubuntu-bionic
         Starting Availability of block devices...
[[0;32m  OK  [0m] Reached target Remote File Systems (Pre).
[[0;32m  OK  [0m] Reached target Remote File Systems.
[[0;32m  OK  [0m] Reached target System Initialization.
[[0;32m  OK  [0m] Listening on cloud-init hotplug hook socket.
[[0;32m  OK  [0m] Started Discard unused blocks once a week.
[[0;32m  OK  [0m] Started Ubuntu Advantage Timer for running repeated jobs.
[[0;32m  OK  [0m] Started Daily apt download activities.
[[0;32m  OK  [0m] Listening on UUID daemon activation socket.
[[0;32m  OK  [0m] Started Message of the Day.
[[0;32m  OK  [0m] Started Daily Cleanup of Temporary Directories.
[[0;32m  OK  [0m] Listening on D-Bus System Message Bus Socket.
[[0;32m  OK  [0m] Listening on Open-iSCSI iscsid Socket.
         Starting Socket activation for snappy daemon.
[   24.207356] cloud-init[891]: The key's randomart image is:
[   24.268270] cloud-init[891]: +---[RSA 2048]----+
[[0;32m  OK  [0m] Started ACPI Events Check.
[[0;32m  OK  [0m] Reached target Paths.
[[0;32m  OK  [0m] Listening on ACPID Listen Socket.
[[0;32m  OK  [0m] Started Daily apt upgrade and clean activities.
[[0;32m  OK  [0m] Reached target Timers.
[   24.279411] cloud-init[891]: |      ...Bo.     |
[   24.291845] cloud-init[891]: |     ..+B.E   .  |
         Starting LXD - unix socket.
[[0;32m  OK  [0m] Reached target Cloud-config availability.
[[0;32m  OK  [0m] Started Availability of block devices.
[   24.302421] cloud-init[891]: |      +==+.B + . |
[[0;32m  OK  [0m] Listening on Socket activation for snappy daemon.
[   24.309591] cloud-init[891]: |     .o=+=o.O o  |
[[0;32m  OK  [0m] Listening on LXD - unix socket.
[   24.312184] cloud-init[891]: |      .+S *o.o   |
[   24.314749] [cloud-init[0;32m  OK  [0m[891]: ] |       B B +.    |Reached target Sockets.

[   24.314818] cloud-init[891]: |      . * .      |
[   24.317524] cloud-init[891]: |       . .       |
[   24.317833] cloud-init[891]: |        .        |
[   24.318086] cloud-init[891]: +----[SHA256]-----+
[   24.318338] cloud-init[891]: Generating public/private dsa key pair.
[   24.318616] cloud-init[891]: Your identification has been saved in /etc/ssh/ssh_host_dsa_key.
[   24.318887] cloud-init[891]: Your public key has been saved in /etc/ssh/ssh_host_dsa_key.pub.
[   24.319171] cloud-init[891]: The key fingerprint is:
[   24.319448] cloud-init[891]: SHA256:H4QF2Vt9HxnfE8Cag+M5iYdWEz72eWnSuj2+M7KRh3U root@ubuntu-bionic
[   24.319756] cloud-init[891]: The key's randomart image is:
[   24.320371] cloud-init[891]: +---[DSA 1024]----+
[   24.320709] cloud-init[891]: |        .+. .o.oo|
[   24.321074] cloud-init[891]: |        .+. ...o=|
[   24.321457] cloud-init[891]: |        o +oo  o=|
[   24.321861] cloud-init[891]: |         X.+    o|
[   24.322273] cloud-init[891]: |        S O +..E |
[   24.322711] cloud-init[891]: |       + B =+=.  |
[   24.323145] cloud-init[891]: |      . . o+=.   |
[   24.323571] cloud-init[891]: |           o++   |
[   24.323952] cloud-init[891]: |           o=+=  |
[   24.324317] cloud-init[891]: +----[SHA256]-----+
[   24.324672] cloud-init[891]: Generating public/private ecdsa key pair.
[   24.324990] cloud-init[891]: Your identification has been saved in /etc/ssh/ssh_host_ecdsa_key.
[   24.325305] cloud-init[891]: Your public key has been saved in /etc/ssh/ssh_host_ecdsa_key.pub.
[   24.326195] cloud-init[891]: The key fingerprint is:
[   24.326450] cloud-init[891]: SHA256:Mn5eedc7xTo5/OGYttNPqtqgQgzPf6qMHD9JtQI8Rys root@ubuntu-bionic
[   24.326752] cloud-init[891]: The key's randomart image is:
[   24.327045] cloud-init[891]: +---[ECDSA 256]---+
[   24.327366] cloud-init[891]: |                 |
[   24.327657] cloud-init[891]: |      .          |
[   24.327962] cloud-init[891]: |   . . .         |
[   24.328262] cloud-init[891]: |    E o .        |
[   24.328818] cloud-init[891]: |     Xo.S.     . |
[   24.329163] cloud-init[891]: |     .Bo.  .   .o|
[   24.329532] cloud-init[891]: |    .o.+. + ..o++|
[   24.329881] cloud-init[891]: |   . =+o.o.+ +X=o|
[   24.330236] cloud-init[891]: |    o +++o..+=+*=|
[   24.330642] cloud-init[891]: +----[SHA256]-----+
[   24.330978] cloud-init[891]: Generating public/private ed25519 key pair.
[   24.331347] cloud-init[891]: Your identification has been saved in /etc/ssh/ssh_host_ed25519_key.
[   24.331705] cloud-init[891]: Your public key has been saved in /etc/ssh/ssh_host_ed25519_key.pub.
[   24.332059] cloud-init[891]: The key fingerprint is:
[   24.332435] cloud-init[891]: SHA256:JtLMaMKendCX9RvEPVKwuKS+EWO3NqFEl2cFO8AXUGg root@ubuntu-bionic
[   24.332810] cloud-init[891]: The key's randomart image is:
[   24.333154] cloud-init[891]: +--[ED25519 256]--+
[   24.333517] cloud-init[891]: |       .o+=+o    |
[   24.334094] cloud-init[891]: |        E=.*     |
[   24.334368] cloud-init[891]: |      ..*.X o    |
[   24.334610] cloud-init[891]: | . . * * * o .   |
[   24.334875] cloud-init[891]: |  + = & S o      |
[   24.335215] cloud-init[891]: | . * B B o o     |
[[0;32m  OK  [0m] Reached target Basic System.
[   24.335579] cloud-init[891]: |  o o + + .      |
[   24.391860] cloud-init[891]: |       + .       |
[[0;32m  OK  [0m] Started Regular background program processing daemon.
         Starting System Logging Service...
[   24.398317] cloud-init[891]: |      .          |
         Starting Permit User Sessions...
[   24.410043] cloud-init[891]: +----[SHA256]-----+
         Starting Pollinate to seed the pseudo random number generator...
[[0;32m  OK  [0m] Started irqbalance daemon.
         Starting Login Service...
         Starting Accounts Service...
[[0;32m  OK  [0m] Started Deferred execution scheduler.
[[0;32m  OK  [0m] Started FUSE filesystem for LXC.
         Starting LSB: automatic crash report generation...
         Starting LXD - container startup/shutdown...
         Starting LSB: Record successful boot for GRUB...
         Starting Virtualbox guest utils...
         Starting Dispatcher daemon for systemd-networkd...
[[0;32m  OK  [0m] Started D-Bus System Message Bus.
[[0;32m  OK  [0m] Started Login Service.
[[0;32m  OK  [0m] Started Unattended Upgrades Shutdown.
         Starting Snap Daemon...
[[0;32m  OK  [0m] Started System Logging Service.
[[0;32m  OK  [0m] Started Permit User Sessions.
[[0;32m  OK  [0m] Started LXD - container startup/shutdown.
         Starting Authorization Manager...
         Starting Hold until boot process finishes up...
         Starting Terminate Plymouth Boot Screen...
[[0;32m  OK  [0m] Started Hold until boot process finishes up.
         Starting Set console scheme...
[[0;32m  OK  [0m] Started Serial Getty on ttyS0.
[[0;32m  OK  [0m] Started Terminate Plymouth Boot Screen.
[[0;32m  OK  [0m] Started LSB: automatic crash report generation.
[[0;32m  OK  [0m] Started Authorization Manager.
[[0;32m  OK  [0m] Started Accounts Service.
[[0;32m  OK  [0m] Started Set console scheme.
[[0;32m  OK  [0m] Created slice system-getty.slice.
[[0;32m  OK  [0m] Started Getty on tty1.
[[0;32m  OK  [0m] Reached target Login Prompts.
[[0;32m  OK  [0m] Started Virtualbox guest utils.
[[0;32m  OK  [0m] Started LSB: Record successful boot for GRUB.
[[0;32m  OK  [0m] Started Dispatcher daemon for systemd-networkd.
[[0;32m  OK  [0m] Started Snap Daemon.
         Starting Wait until snapd is fully seeded...
         Starting Time & Date Service...
[[0;32m  OK  [0m] Started Time & Date Service.
[[0;32m  OK  [0m] Started Pollinate to seed the pseudo random number generator.
         Starting OpenBSD Secure Shell server...
[[0;32m  OK  [0m] Started OpenBSD Secure Shell server.
[[0;32m  OK  [0m] Created slice User Slice of vagrant.
         Starting User Manager for UID 1000...
[[0;32m  OK  [0m] Started Session 1 of user vagrant.
[[0;32m  OK  [0m] Started User Manager for UID 1000.

Ubuntu 18.04.6 LTS ubuntu-bionic ttyS0

ubuntu-bionic login: [[0;32m  OK  [0m] Started Wait until snapd is fully seeded.
         Starting Apply the settings specified in cloud-config...
[   40.035161] cloud-init[2263]: Cloud-init v. 22.2-0ubuntu1~18.04.3 running 'modules:config' at Wed, 02 Nov 2022 04:18:27 +0000. Up 39.47 seconds.
[[0;32m  OK  [0m] Started Apply the settings specified in cloud-config.
[[0;32m  OK  [0m] Reached target Multi-User System.
[[0;32m  OK  [0m] Reached target Graphical Interface.
         Starting Update UTMP about System Runlevel Changes...
         Starting Execute cloud user/final scripts...
[[0;32m  OK  [0m] Started Update UTMP about System Runlevel Changes.
ci-info: no authorized SSH keys fingerprints found for user ubuntu.
<14>Nov  2 04:18:29 cloud-init: #############################################################
<14>Nov  2 04:18:29 cloud-init: -----BEGIN SSH HOST KEY FINGERPRINTS-----
<14>Nov  2 04:18:29 cloud-init: 1024 SHA256:H4QF2Vt9HxnfE8Cag+M5iYdWEz72eWnSuj2+M7KRh3U root@ubuntu-bionic (DSA)
<14>Nov  2 04:18:29 cloud-init: 256 SHA256:Mn5eedc7xTo5/OGYttNPqtqgQgzPf6qMHD9JtQI8Rys root@ubuntu-bionic (ECDSA)
<14>Nov  2 04:18:29 cloud-init: 256 SHA256:JtLMaMKendCX9RvEPVKwuKS+EWO3NqFEl2cFO8AXUGg root@ubuntu-bionic (ED25519)
<14>Nov  2 04:18:29 cloud-init: 2048 SHA256:xG+a5FGvCoVhXeDrND2jBNSZsodn1Bb4XZ5iyYwfID0 root@ubuntu-bionic (RSA)
<14>Nov  2 04:18:29 cloud-init: -----END SSH HOST KEY FINGERPRINTS-----
<14>Nov  2 04:18:29 cloud-init: #############################################################
-----BEGIN SSH HOST KEY KEYS-----
ecdsa-sha2-nistp256 AAAAE2VjZHNhLXNoYTItbmlzdHAyNTYAAAAIbmlzdHAyNTYAAABBBLAnC7NCWgOQwkiIXZimXNyaZLDemA3P3FOai0jTBPSTWUs6gkGRWyiQNH9c9XmHLqb63hQJxBQRjIZrm7cZHO0= root@ubuntu-bionic
ssh-ed25519 AAAAC3NzaC1lZDI1NTE5AAAAIP5QK/6WMhNXswi1BitfFE83giLw6xeAQfAgs7wZMmoC root@ubuntu-bionic
ssh-rsa AAAAB3NzaC1yc2EAAAADAQABAAABAQCqlnEbQsUSe4OC7/pMAPGLIHgbGZ1x2i3ejFCQ+YsUSbJE5pri3XGzECguOTl9VNclpWo3At3J8uLYf1iJh+Pc5BfsvslYlyB2sg3E4XVgAX8375vjsLnl1LvKC2SrQT7TrnkCMtFmN8mjJEwFd2HEPdedu4jfQtT5QjKJw4y8M0Skcx/o+/atzgkv2GnXSsCGZkI6VZ8yWhn5HwdaQ+Fh96ojp4qwtekJ1Bf7wcxajLP2aPRq5VCctaVDTJwVRqRLHJ6SZY6CKMz3laYINw2c82h4fxbf+iTmD3m2kRjB+2k6Z0GcRt7bgqUNJizHoo93cYdVTa8fkcK1sYzljXjv root@ubuntu-bionic
-----END SSH HOST KEY KEYS-----
[   40.745790] cloud-init[2371]: Cloud-init v. 22.2-0ubuntu1~18.04.3 running 'modules:final' at Wed, 02 Nov 2022 04:18:28 +0000. Up 40.53 seconds.
[   40.745843] cloud-init[2371]: Cloud-init v. 22.2-0ubuntu1~18.04.3 finished at Wed, 02 Nov 2022 04:18:29 +0000. Datasource DataSourceNoCloud [seed=/dev/sdb][dsmode=net].  Up 40.73 seconds
[[0;32m  OK  [0m] Started Execute cloud user/final scripts.
[[0;32m  OK  [0m] Reached target Cloud-init target.
[ 5530.857259] watchdog: BUG: soft lockup - CPU#1 stuck for 23s! [kworker/1:3:527]
[ 5558.851470] watchdog: BUG: soft lockup - CPU#1 stuck for 23s! [kworker/1:3:527]
[ 5565.469667] INFO: rcu_sched detected stalls on CPUs/tasks:
[ 5565.485825] 	0-...!: (1 GPs behind) idle=ed6/140000000000000/0 softirq=72803/72804 fqs=0 
[ 5565.492224] 	(detected by 1, t=15003 jiffies, g=22645, c=22644, q=55)
[ 5565.502172] rcu_sched kthread starved for 15003 jiffies! g22645 c22644 f0x0 RCU_GP_WAIT_FQS(3) ->state=0x402 ->cpu=1
[ 5590.875106] watchdog: BUG: soft lockup - CPU#1 stuck for 22s! [kworker/1:3:527]
